[0m01:06:24.554746 [debug] [MainThread]: Sending event: {'category': 'dbt', 'action': 'invocation', 'label': 'start', 'context': [<snowplow_tracker.self_describing_json.SelfDescribingJson object at 0x000001AD1256E900>, <snowplow_tracker.self_describing_json.SelfDescribingJson object at 0x000001AD10130E10>, <snowplow_tracker.self_describing_json.SelfDescribingJson object at 0x000001AD14F1F890>]}


============================== 01:06:24.558467 | 57f499a3-7900-40ff-9406-0f819e7d8d25 ==============================
[0m01:06:24.558467 [info ] [MainThread]: Running with dbt=1.12.5
[0m01:06:24.559204 [debug] [MainThread]: running dbt with arguments {'static_parser': 'True', 'no_print': 'None', 'maximum_seed_size_mib': '1', 'warn_error_options': 'WarnErrorOptionsV2(error=[], warn=[], silence=[])', 'target_path': 'None', 'version_check': 'True', 'printer_width': '80', 'write_json': 'True', 'introspect': 'True', 'log_cache_events': 'False', 'empty': 'None', 'cache_selected_only': 'False', 'log_format': 'default', 'debug': 'False', 'fail_fast': 'False', 'profiles_dir': 'C:\\Users\\karan\\.dbt', 'send_anonymous_usage_stats': 'True', 'quiet': 'False', 'warn_error': 'None', 'partial_parse': 'True', 'indirect_selection': 'eager', 'hints_enabled': 'True', 'use_colors': 'True', 'use_experimental_parser': 'False', 'invocation_command': 'dbt init citibike_dbt', 'log_path': 'logs'}
[0m01:06:24.577353 [debug] [MainThread]: Starter project path: C:\projects\citibike-data-product\.venv\Lib\site-packages\dbt\include\starter_project
[0m01:06:24.590442 [info ] [MainThread]: Setting up your profile.
[0m01:07:17.695500 [error] [MainThread]: [[31mERROR[0m]: Encountered an error:

[0m01:07:17.698108 [error] [MainThread]: Traceback (most recent call last):
  File "C:\projects\citibike-data-product\.venv\Lib\site-packages\dbt\cli\requires.py", line 198, in wrapper
    result, success = func(*args, **kwargs)
                      ~~~~^^^^^^^^^^^^^^^^^
  File "C:\projects\citibike-data-product\.venv\Lib\site-packages\dbt\cli\requires.py", line 144, in wrapper
    return func(*args, **kwargs)
  File "C:\projects\citibike-data-product\.venv\Lib\site-packages\dbt\cli\main.py", line 504, in init
    results = task.run()
  File "C:\projects\citibike-data-product\.venv\Lib\site-packages\dbt\task\init.py", line 363, in run
    self.setup_profile(profile_name)
    ~~~~~~~~~~~~~~~~~~^^^^^^^^^^^^^^
  File "C:\projects\citibike-data-product\.venv\Lib\site-packages\dbt\task\init.py", line 265, in setup_profile
    self.create_profile_from_target(adapter, profile_name=profile_name)
    ~~~~~~~~~~~~~~~~~~~~~~~~~~~~~~~^^^^^^^^^^^^^^^^^^^^^^^^^^^^^^^^^^^^
  File "C:\projects\citibike-data-product\.venv\Lib\site-packages\dbt\task\init.py", line 182, in create_profile_from_target
    self.create_profile_from_profile_template(profile_template, profile_name)
    ~~~~~~~~~~~~~~~~~~~~~~~~~~~~~~~~~~~~~~~~~^^^^^^^^^^^^^^^^^^^^^^^^^^^^^^^^
  File "C:\projects\citibike-data-product\.venv\Lib\site-packages\dbt\task\init.py", line 166, in create_profile_from_profile_template
    target = self.generate_target_from_input(prompts, initial_target)
  File "C:\projects\citibike-data-product\.venv\Lib\site-packages\dbt\task\init.py", line 116, in generate_target_from_input
    numeric_choice = click.prompt(prompt_msg, type=click.INT)
  File "C:\projects\citibike-data-product\.venv\Lib\site-packages\click\termui.py", line 262, in prompt
    value = prompt_func(prompt)
  File "C:\projects\citibike-data-product\.venv\Lib\site-packages\click\termui.py", line 245, in prompt_func
    raise Abort() from None
click.exceptions.Abort

[0m01:07:17.699281 [debug] [MainThread]: Command `dbt init` failed at 01:07:17.699144 after 53.33 seconds
[0m01:07:17.699612 [debug] [MainThread]: Sending event: {'category': 'dbt', 'action': 'invocation', 'label': 'end', 'context': [<snowplow_tracker.self_describing_json.SelfDescribingJson object at 0x000001AD2F181350>, <snowplow_tracker.self_describing_json.SelfDescribingJson object at 0x000001AD2F13EB10>, <snowplow_tracker.self_describing_json.SelfDescribingJson object at 0x000001AD14F1ABE0>]}
[0m01:07:17.699997 [debug] [MainThread]: Flushing usage events
[0m01:07:50.661957 [debug] [MainThread]: Sending event: {'category': 'dbt', 'action': 'invocation', 'label': 'start', 'context': [<snowplow_tracker.self_describing_json.SelfDescribingJson object at 0x000002BEDE07E900>, <snowplow_tracker.self_describing_json.SelfDescribingJson object at 0x000002BEDBC40E10>, <snowplow_tracker.self_describing_json.SelfDescribingJson object at 0x000002BEE0A2F890>]}


============================== 01:07:50.665646 | 2fb78b2c-06e3-4db5-8063-09f2211faca4 ==============================
[0m01:07:50.665646 [info ] [MainThread]: Running with dbt=1.12.5
[0m01:07:50.666208 [debug] [MainThread]: running dbt with arguments {'maximum_seed_size_mib': '1', 'no_print': 'None', 'version_check': 'True', 'target_path': 'None', 'warn_error_options': 'WarnErrorOptionsV2(error=[], warn=[], silence=[])', 'static_parser': 'True', 'printer_width': '80', 'write_json': 'True', 'empty': 'None', 'log_cache_events': 'False', 'introspect': 'True', 'cache_selected_only': 'False', 'fail_fast': 'False', 'debug': 'False', 'log_format': 'default', 'profiles_dir': 'C:\\Users\\karan\\.dbt', 'send_anonymous_usage_stats': 'True', 'quiet': 'False', 'warn_error': 'None', 'partial_parse': 'True', 'indirect_selection': 'eager', 'hints_enabled': 'True', 'use_colors': 'True', 'use_experimental_parser': 'False', 'invocation_command': 'dbt init citibike_dbt', 'log_path': 'logs'}
[0m01:07:50.677846 [info ] [MainThread]: A project called citibike_dbt already exists here.
[0m01:07:50.678814 [debug] [MainThread]: Command `dbt init` succeeded at 01:07:50.678685 after 0.20 seconds
[0m01:07:50.679113 [debug] [MainThread]: Sending event: {'category': 'dbt', 'action': 'invocation', 'label': 'end', 'context': [<snowplow_tracker.self_describing_json.SelfDescribingJson object at 0x000002BEE0853100>, <snowplow_tracker.self_describing_json.SelfDescribingJson object at 0x000002BEE0A71130>, <snowplow_tracker.self_describing_json.SelfDescribingJson object at 0x000002BEE0A2BF00>]}
[0m01:07:50.679430 [debug] [MainThread]: Flushing usage events
[0m01:07:51.581937 [debug] [MainThread]: An error was encountered while trying to flush usage events
[0m01:08:07.409488 [debug] [MainThread]: Sending event: {'category': 'dbt', 'action': 'invocation', 'label': 'start', 'context': [<snowplow_tracker.self_describing_json.SelfDescribingJson object at 0x00000222E10FE900>, <snowplow_tracker.self_describing_json.SelfDescribingJson object at 0x00000222DECC0E10>, <snowplow_tracker.self_describing_json.SelfDescribingJson object at 0x00000222E3AB3890>]}


============================== 01:08:07.413054 | bf4daed5-d7f7-45eb-ad56-1a6b14564bd9 ==============================
[0m01:08:07.413054 [info ] [MainThread]: Running with dbt=1.12.5
[0m01:08:07.413891 [debug] [MainThread]: running dbt with arguments {'static_parser': 'True', 'no_print': 'None', 'maximum_seed_size_mib': '1', 'target_path': 'None', 'version_check': 'True', 'warn_error_options': 'WarnErrorOptionsV2(error=[], warn=[], silence=[])', 'printer_width': '80', 'write_json': 'True', 'introspect': 'True', 'log_cache_events': 'False', 'empty': 'None', 'cache_selected_only': 'False', 'log_format': 'default', 'debug': 'False', 'fail_fast': 'False', 'partial_parse': 'True', 'send_anonymous_usage_stats': 'True', 'quiet': 'False', 'warn_error': 'None', 'profiles_dir': 'C:\\Users\\karan\\.dbt', 'invocation_command': 'dbt init citibike_dbt', 'hints_enabled': 'True', 'use_colors': 'True', 'use_experimental_parser': 'False', 'indirect_selection': 'eager', 'log_path': 'logs'}
[0m01:08:07.425883 [debug] [MainThread]: Starter project path: C:\projects\citibike-data-product\.venv\Lib\site-packages\dbt\include\starter_project
[0m01:08:07.443790 [info ] [MainThread]: Setting up your profile.
[0m01:09:41.742885 [info ] [MainThread]: Profile citibike_dbt written to C:\Users\karan\.dbt\profiles.yml using target's profile_template.yml and your supplied values.
[0m01:09:41.745483 [info ] [MainThread]: Running dbt debug to validate the project...
[0m01:09:41.746392 [info ] [MainThread]: dbt version: 1.12.5
[0m01:09:41.746957 [info ] [MainThread]: python version: 3.14.7
[0m01:09:41.747471 [info ] [MainThread]: python path: C:\projects\citibike-data-product\.venv\Scripts\python.exe
[0m01:09:41.747962 [info ] [MainThread]: os info: Windows-11-10.0.26200-SP0
[0m01:09:41.798156 [info ] [MainThread]: Using profiles dir at C:\Users\karan\.dbt
[0m01:09:41.798843 [info ] [MainThread]: Using profiles.yml file at C:\Users\karan\.dbt\profiles.yml
[0m01:09:41.799311 [info ] [MainThread]: Using dbt_project.yml file at C:\projects\citibike-data-product\citibike_dbt\dbt_project.yml
[0m01:09:41.799674 [info ] [MainThread]: adapter type: bigquery
[0m01:09:41.800088 [info ] [MainThread]: adapter version: 1.12.1
[0m01:09:41.887715 [info ] [MainThread]: Configuration:
[0m01:09:41.888335 [info ] [MainThread]:   profiles.yml file [[32mOK found and valid[0m]
[0m01:09:41.888775 [info ] [MainThread]:   dbt_project.yml file [[32mOK found and valid[0m]
[0m01:09:41.889184 [info ] [MainThread]: Required dependencies:
[0m01:09:41.889603 [debug] [MainThread]: Executing "git --help"
[0m01:09:41.930685 [debug] [MainThread]: STDOUT: "b"usage: git [-v | --version] [-h | --help] [-C <path>] [-c <name>=<value>]\n           [--exec-path[=<path>]] [--html-path] [--man-path] [--info-path]\n           [-p | --paginate | -P | --no-pager] [--no-replace-objects] [--no-lazy-fetch]\n           [--no-optional-locks] [--no-advice] [--bare] [--git-dir=<path>]\n           [--work-tree=<path>] [--namespace=<name>] [--config-env=<name>=<envvar>]\n           <command> [<args>]\n\nThese are common Git commands used in various situations:\n\nstart a working area (see also: git help tutorial)\n   clone      Clone a repository into a new directory\n   init       Create an empty Git repository or reinitialize an existing one\n\nwork on the current change (see also: git help everyday)\n   add        Add file contents to the index\n   mv         Move or rename a file, a directory, or a symlink\n   restore    Restore working tree files\n   rm         Remove files from the working tree and from the index\n\nexamine the history and state (see also: git help revisions)\n   bisect     Use binary search to find the commit that introduced a bug\n   diff       Show changes between commits, commit and working tree, etc\n   grep       Print lines matching a pattern\n   log        Show commit logs\n   show       Show various types of objects\n   status     Show the working tree status\n\ngrow, mark and tweak your common history\n   backfill   Download missing objects in a partial clone\n   branch     List, create, or delete branches\n   commit     Record changes to the repository\n   history    EXPERIMENTAL: Rewrite history\n   merge      Join two or more development histories together\n   rebase     Reapply commits on top of another base tip\n   reset      Set `HEAD` or the index to a known state\n   switch     Switch branches\n   tag        Create, list, delete or verify tags\n\ncollaborate (see also: git help workflows)\n   fetch      Download objects and refs from another repository\n   pull       Fetch from and integrate with another repository or a local branch\n   push       Update remote refs along with associated objects\n\n'git help -a' and 'git help -g' list available subcommands and some\nconcept guides. See 'git help <command>' or 'git help <concept>'\nto read about a specific subcommand or concept.\nSee 'git help git' for an overview of the system.\n""
[0m01:09:41.931121 [debug] [MainThread]: STDERR: "b''"
[0m01:09:41.931475 [info ] [MainThread]:  - git [[32mOK found[0m]

[0m01:09:41.931834 [info ] [MainThread]: Connection:
[0m01:09:41.932201 [info ] [MainThread]:   method: oauth
[0m01:09:41.932484 [info ] [MainThread]:   database: citi-509517
[0m01:09:41.932751 [info ] [MainThread]:   execution_project: citi-509517
[0m01:09:41.932987 [info ] [MainThread]:   schema: analytics
[0m01:09:41.933227 [info ] [MainThread]:   location: US
[0m01:09:41.933512 [info ] [MainThread]:   priority: interactive
[0m01:09:41.933784 [info ] [MainThread]:   maximum_bytes_billed: None
[0m01:09:41.934027 [info ] [MainThread]:   reservation: None
[0m01:09:41.934256 [info ] [MainThread]:   impersonate_service_account: None
[0m01:09:41.934493 [info ] [MainThread]:   job_retry_deadline_seconds: None
[0m01:09:41.934722 [info ] [MainThread]:   job_retries: 1
[0m01:09:41.934947 [info ] [MainThread]:   job_creation_timeout_seconds: None
[0m01:09:41.935181 [info ] [MainThread]:   job_execution_timeout_seconds: 300
[0m01:09:41.935411 [info ] [MainThread]:   job_link_info_level_log: False
[0m01:09:41.935636 [info ] [MainThread]:   timeout_seconds: 300
[0m01:09:41.935873 [info ] [MainThread]:   client_id: None
[0m01:09:41.936109 [info ] [MainThread]:   token_uri: None
[0m01:09:41.936332 [info ] [MainThread]:   compute_region: None
[0m01:09:41.936563 [info ] [MainThread]:   dataproc_cluster_name: None
[0m01:09:41.936790 [info ] [MainThread]:   gcs_bucket: None
[0m01:09:41.937011 [info ] [MainThread]:   dataproc_batch: None
[0m01:09:41.937467 [info ] [MainThread]: Registered adapter: bigquery=1.12.1
[0m01:09:42.248890 [debug] [MainThread]: Acquiring new bigquery connection 'debug'
[0m01:09:42.249263 [debug] [MainThread]: On debug: select 1 as id
[0m01:09:42.249558 [debug] [MainThread]: Opening a new connection, currently in state init
[0m01:09:45.042337 [debug] [MainThread]: BigQuery adapter: https://console.cloud.google.com/bigquery?project=citi-509517&j=bq:US:0a5e8e34-39af-434b-bf3b-10d8e3d3998c&page=queryresults
[0m01:09:45.526530 [debug] [MainThread]: SQL status: OK in 0.484 seconds
[0m01:09:46.054748 [info ] [MainThread]:   Connection test: [[32mOK connection ok[0m]

[0m01:09:46.055661 [info ] [MainThread]: [32mAll checks passed![0m
[0m01:09:46.056492 [info ] [MainThread]: Your new dbt project "citibike_dbt" was created!
Initialized new project in C:\projects\citibike-data-product\citibike_dbt\citibike_dbt

For more information on how to configure the profiles.yml file,
please consult the dbt documentation here:

  https://docs.getdbt.com/docs/configure-your-profile

One more thing:

Need help? Don't hesitate to reach out to us via GitHub issues or on Slack:

  https://community.getdbt.com/

Happy modeling!

[0m01:09:46.057894 [debug] [MainThread]: Command `dbt init` succeeded at 01:09:46.057744 after 98.82 seconds
[0m01:09:46.058273 [debug] [MainThread]: Connection 'debug' was properly closed.
[0m01:09:46.058671 [debug] [MainThread]: Sending event: {'category': 'dbt', 'action': 'invocation', 'label': 'end', 'context': [<snowplow_tracker.self_describing_json.SelfDescribingJson object at 0x00000222E38D3100>, <snowplow_tracker.self_describing_json.SelfDescribingJson object at 0x00000222FDE75C70>, <snowplow_tracker.self_describing_json.SelfDescribingJson object at 0x00000222FDD59590>]}
[0m01:09:46.059147 [debug] [MainThread]: Flushing usage events
[0m01:09:47.090333 [debug] [MainThread]: An error was encountered while trying to flush usage events
